{
  "counts": {
    "BLOCKED": 0,
    "FAIL": 0,
    "PASS": 0,
    "PENDING": 13
  },
  "gates": [
    {
      "automated_preconditions": [
        "tutorial_runtime_green",
        "map_world_correspondence_present"
      ],
      "detail": {
        "reason": "no evidence rows"
      },
      "evidence_class": "human_playtest",
      "gate_id": "E1",
      "name": "map->world comprehension",
      "rows": 0,
      "status": "PENDING"
    },
    {
      "automated_preconditions": [
        "collateral_consequence_fixture_present",
        "causal_explanation_runtime_green"
      ],
      "detail": {
        "reason": "no evidence rows"
      },
      "evidence_class": "human_playtest",
      "gate_id": "E2",
      "name": "second-order prediction",
      "rows": 0,
      "status": "PENDING"
    },
    {
      "automated_preconditions": [
        "mature_dossier_set_identified",
        "legal_edit_space_instrumentable"
      ],
      "detail": {
        "reason": "no evidence rows"
      },
      "evidence_class": "human_comparative_playtest",
      "gate_id": "E3",
      "name": "mature reasoning beats blind enumeration",
      "rows": 0,
      "status": "PENDING"
    },
    {
      "automated_preconditions": [
        "reasoning_transformation_diversity_validation_green"
      ],
      "detail": {
        "reason": "no evidence rows"
      },
      "evidence_class": "human_playtest",
      "gate_id": "E4",
      "name": "campaign repetition",
      "rows": 0,
      "status": "PENDING"
    },
    {
      "automated_preconditions": [
        "authority_source_inspection_present",
        "linked_readability_budget_green"
      ],
      "detail": {
        "reason": "no evidence rows"
      },
      "evidence_class": "human_playtest",
      "gate_id": "E5",
      "name": "linked authority comprehension",
      "rows": 0,
      "status": "PENDING"
    },
    {
      "automated_preconditions": [
        "causal_ribbon_budget_green",
        "inspect_path_present"
      ],
      "detail": {
        "reason": "no evidence rows"
      },
      "evidence_class": "human_playtest",
      "gate_id": "E6",
      "name": "causal readability",
      "rows": 0,
      "status": "PENDING"
    },
    {
      "automated_preconditions": [
        "phase12e_exit_sweep_green",
        "controller_focus_green",
        "1280x800_layout_green"
      ],
      "detail": {
        "reason": "no evidence rows"
      },
      "evidence_class": "mixed_capture_interaction",
      "gate_id": "E7",
      "name": "accessibility/device sweep",
      "rows": 0,
      "status": "PENDING"
    },
    {
      "automated_preconditions": [
        "store_claims_match_implemented_capabilities"
      ],
      "detail": {
        "reason": "no evidence rows"
      },
      "evidence_class": "market_test",
      "gate_id": "E8",
      "name": "marketing expectation",
      "rows": 0,
      "status": "PENDING"
    },
    {
      "automated_preconditions": [
        "remix_changed_dependency_validation_green",
        "exact_12_remixes_present"
      ],
      "detail": {
        "reason": "no evidence rows"
      },
      "evidence_class": "human_playtest",
      "gate_id": "E9",
      "name": "remix distinctness",
      "rows": 0,
      "status": "PENDING"
    },
    {
      "automated_preconditions": [
        "agent_archetype_runtime_green",
        "no_dossier_script_override"
      ],
      "detail": {
        "reason": "no evidence rows"
      },
      "evidence_class": "human_playtest",
      "gate_id": "E10",
      "name": "agent distinctness",
      "rows": 0,
      "status": "PENDING"
    },
    {
      "automated_preconditions": [
        "exact_demo01_demo05_present",
        "demo_exclusions_green"
      ],
      "detail": {
        "reason": "no evidence rows"
      },
      "evidence_class": "human_timing",
      "gate_id": "E11",
      "name": "demo timing",
      "rows": 0,
      "status": "PENDING"
    },
    {
      "automated_preconditions": [
        "release_candidate_near_final"
      ],
      "detail": {
        "reason": "no evidence rows"
      },
      "evidence_class": "release_market_recheck",
      "gate_id": "E12",
      "name": "perceived value / final pricing",
      "rows": 0,
      "status": "PENDING"
    },
    {
      "automated_preconditions": [
        "repeatable_transaction_profiler_present",
        "performance_signal_recorded"
      ],
      "detail": {
        "reason": "no Deck-class reference hardware evidence"
      },
      "evidence_class": "reference_hardware_profile",
      "gate_id": "T8-44",
      "name": "Deck-class late-game performance",
      "rows": 0,
      "status": "PENDING"
    }
  ],
  "phase": "12G",
  "qualitative_disposition_integrity": {
    "ok": true,
    "reason": "exact-byte qualitative disposition integrity current"
  },
  "registry_version": 1
}
