{
  "blocked_ids": [
    "D06",
    "D07",
    "D08",
    "D14",
    "D16",
    "D17",
    "D26",
    "D38"
  ],
  "counts": {
    "blocked": 8,
    "ready": 49,
    "total": 57
  },
  "evidence_kind": "PHASE12G_RUNTIME_ACQUISITION_PRECONDITION_NOT_GATE_OUTCOME",
  "protocol_readiness": {
    "E3": {
      "blocked": [],
      "ready": [
        "D13",
        "D18",
        "D22",
        "D29",
        "D33",
        "D36"
      ],
      "selected": [
        "D13",
        "D18",
        "D22",
        "D29",
        "D33",
        "D36"
      ]
    },
    "E4": {
      "blocked": [
        "D14",
        "D16",
        "D17"
      ],
      "ready": [
        "D13",
        "D15",
        "D18",
        "D19",
        "D20",
        "D21",
        "D22",
        "D29",
        "D30",
        "D31",
        "D32",
        "D33",
        "D34",
        "D35",
        "D36"
      ],
      "selected": [
        "D13",
        "D14",
        "D15",
        "D16",
        "D17",
        "D18",
        "D19",
        "D20",
        "D21",
        "D22",
        "D29",
        "D30",
        "D31",
        "D32",
        "D33",
        "D34",
        "D35",
        "D36"
      ]
    },
    "E5": {
      "blocked": [
        "D38"
      ],
      "ready": [
        "D29",
        "D32",
        "D33",
        "D34",
        "D35",
        "D36",
        "D37",
        "D39",
        "D40"
      ],
      "selected": [
        "D29",
        "D32",
        "D33",
        "D34",
        "D35",
        "D36",
        "D37",
        "D38",
        "D39",
        "D40"
      ]
    },
    "E6": {
      "blocked": [
        "D38"
      ],
      "ready": [
        "D33",
        "D34",
        "D35",
        "D36",
        "D37",
        "D39",
        "D40"
      ],
      "selected": [
        "D33",
        "D34",
        "D35",
        "D36",
        "D37",
        "D38",
        "D39",
        "D40"
      ]
    },
    "E9": {
      "blocked": [],
      "ready": [
        "REMIX01",
        "REMIX02",
        "REMIX03",
        "REMIX04",
        "REMIX05",
        "REMIX06",
        "REMIX07",
        "REMIX08",
        "REMIX09",
        "REMIX10",
        "REMIX11",
        "REMIX12"
      ],
      "selected": [
        "REMIX01",
        "REMIX02",
        "REMIX03",
        "REMIX04",
        "REMIX05",
        "REMIX06",
        "REMIX07",
        "REMIX08",
        "REMIX09",
        "REMIX10",
        "REMIX11",
        "REMIX12"
      ]
    }
  },
  "ready_ids": [
    "D01",
    "D02",
    "D03",
    "D04",
    "D05",
    "D09",
    "D10",
    "D11",
    "D12",
    "D13",
    "D15",
    "D18",
    "D19",
    "D20",
    "D21",
    "D22",
    "D23",
    "D24",
    "D25",
    "D27",
    "D28",
    "D29",
    "D30",
    "D31",
    "D32",
    "D33",
    "D34",
    "D35",
    "D36",
    "D37",
    "D39",
    "D40",
    "DEMO01",
    "DEMO02",
    "DEMO03",
    "DEMO04",
    "DEMO05",
    "REMIX01",
    "REMIX02",
    "REMIX03",
    "REMIX04",
    "REMIX05",
    "REMIX06",
    "REMIX07",
    "REMIX08",
    "REMIX09",
    "REMIX10",
    "REMIX11",
    "REMIX12"
  ],
  "rows": [
    {
      "agent_count": 1,
      "blockers": [],
      "dossier_id": "D01",
      "editable_families": [
        "road"
      ],
      "layer_count": 1,
      "linked_relation_count": 0,
      "scope": "campaign",
      "status": "READY_FOR_RUNTIME_CAPTURE"
    },
    {
      "agent_count": 2,
      "blockers": [],
      "dossier_id": "D02",
      "editable_families": [
        "road"
      ],
      "layer_count": 1,
      "linked_relation_count": 0,
      "scope": "campaign",
      "status": "READY_FOR_RUNTIME_CAPTURE"
    },
    {
      "agent_count": 1,
      "blockers": [],
      "dossier_id": "D03",
      "editable_families": [
        "bridge"
      ],
      "layer_count": 1,
      "linked_relation_count": 0,
      "scope": "campaign",
      "status": "READY_FOR_RUNTIME_CAPTURE"
    },
    {
      "agent_count": 2,
      "blockers": [],
      "dossier_id": "D04",
      "editable_families": [
        "bridge",
        "road"
      ],
      "layer_count": 1,
      "linked_relation_count": 0,
      "scope": "campaign",
      "status": "READY_FOR_RUNTIME_CAPTURE"
    },
    {
      "agent_count": 1,
      "blockers": [],
      "dossier_id": "D05",
      "editable_families": [
        "border"
      ],
      "layer_count": 1,
      "linked_relation_count": 0,
      "scope": "campaign",
      "status": "READY_FOR_RUNTIME_CAPTURE"
    },
    {
      "agent_count": 2,
      "blockers": [
        "border_binding_missing:D06_BORDER_GATE_EAST",
        "border_binding_missing:D06_BORDER_HOME_EAST",
        "node_cell_binding_missing:D06_N_DEPOT",
        "node_cell_binding_missing:D06_N_GATE",
        "node_cell_binding_missing:D06_N_HOME"
      ],
      "dossier_id": "D06",
      "editable_families": [
        "border"
      ],
      "layer_count": 1,
      "linked_relation_count": 0,
      "scope": "campaign",
      "status": "BLOCKED_RUNTIME_BINDING"
    },
    {
      "agent_count": 2,
      "blockers": [
        "node_cell_binding_missing:D07_N_CLINIC",
        "node_cell_binding_missing:D07_N_GATE",
        "node_cell_binding_missing:D07_N_PASTURE",
        "zone_binding_missing:D07_ZONE_GATE"
      ],
      "dossier_id": "D07",
      "editable_families": [
        "restricted_zone"
      ],
      "layer_count": 1,
      "linked_relation_count": 0,
      "scope": "campaign",
      "status": "BLOCKED_RUNTIME_BINDING"
    },
    {
      "agent_count": 3,
      "blockers": [
        "border_binding_missing:D08_BORDER_GATE_EAST",
        "node_cell_binding_missing:D08_N_BRIDGE_E",
        "node_cell_binding_missing:D08_N_BRIDGE_W",
        "node_cell_binding_missing:D08_N_GATE",
        "node_cell_binding_missing:D08_N_HOME",
        "node_cell_binding_missing:D08_N_HOSPITAL",
        "node_cell_binding_missing:D08_N_PASTURE",
        "zone_binding_missing:D08_ZONE_GATE"
      ],
      "dossier_id": "D08",
      "editable_families": [
        "border",
        "restricted_zone",
        "road"
      ],
      "layer_count": 1,
      "linked_relation_count": 0,
      "scope": "campaign",
      "status": "BLOCKED_RUNTIME_BINDING"
    },
    {
      "agent_count": 2,
      "blockers": [],
      "dossier_id": "D09",
      "editable_families": [
        "landmark",
        "road"
      ],
      "layer_count": 1,
      "linked_relation_count": 0,
      "scope": "campaign",
      "status": "READY_FOR_RUNTIME_CAPTURE"
    },
    {
      "agent_count": 2,
      "blockers": [],
      "dossier_id": "D10",
      "editable_families": [
        "landmark",
        "road"
      ],
      "layer_count": 1,
      "linked_relation_count": 0,
      "scope": "campaign",
      "status": "READY_FOR_RUNTIME_CAPTURE"
    },
    {
      "agent_count": 2,
      "blockers": [],
      "dossier_id": "D11",
      "editable_families": [
        "waterway"
      ],
      "layer_count": 1,
      "linked_relation_count": 0,
      "scope": "campaign",
      "status": "READY_FOR_RUNTIME_CAPTURE"
    },
    {
      "agent_count": 2,
      "blockers": [],
      "dossier_id": "D12",
      "editable_families": [
        "bridge",
        "waterway"
      ],
      "layer_count": 1,
      "linked_relation_count": 0,
      "scope": "campaign",
      "status": "READY_FOR_RUNTIME_CAPTURE"
    },
    {
      "agent_count": 2,
      "blockers": [],
      "dossier_id": "D13",
      "editable_families": [
        "restricted_zone",
        "road"
      ],
      "layer_count": 1,
      "linked_relation_count": 0,
      "scope": "campaign",
      "status": "READY_FOR_RUNTIME_CAPTURE"
    },
    {
      "agent_count": 2,
      "blockers": [
        "node_cell_binding_missing:D14_N_DEPOT",
        "node_cell_binding_missing:D14_N_GATE",
        "node_cell_binding_missing:D14_N_MARKET",
        "zone_binding_missing:D14_ZONE_GATE"
      ],
      "dossier_id": "D14",
      "editable_families": [
        "restricted_zone",
        "road"
      ],
      "layer_count": 1,
      "linked_relation_count": 0,
      "scope": "campaign",
      "status": "BLOCKED_RUNTIME_BINDING"
    },
    {
      "agent_count": 2,
      "blockers": [],
      "dossier_id": "D15",
      "editable_families": [
        "road"
      ],
      "layer_count": 1,
      "linked_relation_count": 0,
      "scope": "campaign",
      "status": "READY_FOR_RUNTIME_CAPTURE"
    },
    {
      "agent_count": 2,
      "blockers": [
        "node_cell_binding_missing:D16_N_DEPOT",
        "node_cell_binding_missing:D16_N_GATE",
        "node_cell_binding_missing:D16_N_SERVICE",
        "zone_binding_missing:D16_ZONE_GATE"
      ],
      "dossier_id": "D16",
      "editable_families": [
        "restricted_zone",
        "road"
      ],
      "layer_count": 1,
      "linked_relation_count": 0,
      "scope": "campaign",
      "status": "BLOCKED_RUNTIME_BINDING"
    },
    {
      "agent_count": 1,
      "blockers": [
        "border_binding_missing:D17_BORDER_GATE_SOUTH",
        "node_cell_binding_missing:D17_N_GATE",
        "node_cell_binding_missing:D17_N_HALL",
        "node_cell_binding_missing:D17_N_POST",
        "node_cell_binding_missing:D17_N_WATCH"
      ],
      "dossier_id": "D17",
      "editable_families": [
        "border"
      ],
      "layer_count": 1,
      "linked_relation_count": 0,
      "scope": "campaign",
      "status": "BLOCKED_RUNTIME_BINDING"
    },
    {
      "agent_count": 1,
      "blockers": [],
      "dossier_id": "D18",
      "editable_families": [
        "road"
      ],
      "layer_count": 1,
      "linked_relation_count": 0,
      "scope": "campaign",
      "status": "READY_FOR_RUNTIME_CAPTURE"
    },
    {
      "agent_count": 2,
      "blockers": [],
      "dossier_id": "D19",
      "editable_families": [
        "landmark",
        "waterway"
      ],
      "layer_count": 1,
      "linked_relation_count": 0,
      "scope": "campaign",
      "status": "READY_FOR_RUNTIME_CAPTURE"
    },
    {
      "agent_count": 2,
      "blockers": [],
      "dossier_id": "D20",
      "editable_families": [
        "road"
      ],
      "layer_count": 1,
      "linked_relation_count": 0,
      "scope": "campaign",
      "status": "READY_FOR_RUNTIME_CAPTURE"
    },
    {
      "agent_count": 2,
      "blockers": [],
      "dossier_id": "D21",
      "editable_families": [
        "road"
      ],
      "layer_count": 1,
      "linked_relation_count": 0,
      "scope": "campaign",
      "status": "READY_FOR_RUNTIME_CAPTURE"
    },
    {
      "agent_count": 3,
      "blockers": [],
      "dossier_id": "D22",
      "editable_families": [
        "border",
        "restricted_zone",
        "road"
      ],
      "layer_count": 1,
      "linked_relation_count": 0,
      "scope": "campaign",
      "status": "READY_FOR_RUNTIME_CAPTURE"
    },
    {
      "agent_count": 1,
      "blockers": [],
      "dossier_id": "D23",
      "editable_families": [
        "road"
      ],
      "layer_count": 2,
      "linked_relation_count": 1,
      "scope": "campaign",
      "status": "READY_FOR_RUNTIME_CAPTURE"
    },
    {
      "agent_count": 1,
      "blockers": [],
      "dossier_id": "D24",
      "editable_families": [
        "road"
      ],
      "layer_count": 2,
      "linked_relation_count": 1,
      "scope": "campaign",
      "status": "READY_FOR_RUNTIME_CAPTURE"
    },
    {
      "agent_count": 2,
      "blockers": [],
      "dossier_id": "D25",
      "editable_families": [
        "road"
      ],
      "layer_count": 2,
      "linked_relation_count": 1,
      "scope": "campaign",
      "status": "READY_FOR_RUNTIME_CAPTURE"
    },
    {
      "agent_count": 2,
      "blockers": [
        "border_binding_missing:D26_BORDER_GATE_EAST",
        "linked_source_fact_unbound:D26_L1:D26_BORDER_GATE_EAST",
        "node_cell_binding_missing:D26_N_GATE",
        "node_cell_binding_missing:D26_N_HOME"
      ],
      "dossier_id": "D26",
      "editable_families": [
        "border",
        "road"
      ],
      "layer_count": 2,
      "linked_relation_count": 1,
      "scope": "campaign",
      "status": "BLOCKED_RUNTIME_BINDING"
    },
    {
      "agent_count": 2,
      "blockers": [],
      "dossier_id": "D27",
      "editable_families": [
        "landmark",
        "road"
      ],
      "layer_count": 2,
      "linked_relation_count": 1,
      "scope": "campaign",
      "status": "READY_FOR_RUNTIME_CAPTURE"
    },
    {
      "agent_count": 2,
      "blockers": [],
      "dossier_id": "D28",
      "editable_families": [
        "road",
        "waterway"
      ],
      "layer_count": 2,
      "linked_relation_count": 1,
      "scope": "campaign",
      "status": "READY_FOR_RUNTIME_CAPTURE"
    },
    {
      "agent_count": 2,
      "blockers": [],
      "dossier_id": "D29",
      "editable_families": [
        "road"
      ],
      "layer_count": 3,
      "linked_relation_count": 1,
      "scope": "campaign",
      "status": "READY_FOR_RUNTIME_CAPTURE"
    },
    {
      "agent_count": 2,
      "blockers": [],
      "dossier_id": "D30",
      "editable_families": [
        "road"
      ],
      "layer_count": 2,
      "linked_relation_count": 1,
      "scope": "campaign",
      "status": "READY_FOR_RUNTIME_CAPTURE"
    },
    {
      "agent_count": 1,
      "blockers": [],
      "dossier_id": "D31",
      "editable_families": [
        "road"
      ],
      "layer_count": 2,
      "linked_relation_count": 1,
      "scope": "campaign",
      "status": "READY_FOR_RUNTIME_CAPTURE"
    },
    {
      "agent_count": 2,
      "blockers": [],
      "dossier_id": "D32",
      "editable_families": [
        "road"
      ],
      "layer_count": 3,
      "linked_relation_count": 2,
      "scope": "campaign",
      "status": "READY_FOR_RUNTIME_CAPTURE"
    },
    {
      "agent_count": 2,
      "blockers": [],
      "dossier_id": "D33",
      "editable_families": [
        "road"
      ],
      "layer_count": 3,
      "linked_relation_count": 2,
      "scope": "campaign",
      "status": "READY_FOR_RUNTIME_CAPTURE"
    },
    {
      "agent_count": 2,
      "blockers": [],
      "dossier_id": "D34",
      "editable_families": [
        "landmark",
        "road"
      ],
      "layer_count": 3,
      "linked_relation_count": 2,
      "scope": "campaign",
      "status": "READY_FOR_RUNTIME_CAPTURE"
    },
    {
      "agent_count": 2,
      "blockers": [],
      "dossier_id": "D35",
      "editable_families": [
        "road"
      ],
      "layer_count": 3,
      "linked_relation_count": 2,
      "scope": "campaign",
      "status": "READY_FOR_RUNTIME_CAPTURE"
    },
    {
      "agent_count": 2,
      "blockers": [],
      "dossier_id": "D36",
      "editable_families": [
        "border",
        "road"
      ],
      "layer_count": 3,
      "linked_relation_count": 2,
      "scope": "campaign",
      "status": "READY_FOR_RUNTIME_CAPTURE"
    },
    {
      "agent_count": 2,
      "blockers": [],
      "dossier_id": "D37",
      "editable_families": [
        "road"
      ],
      "layer_count": 4,
      "linked_relation_count": 2,
      "scope": "campaign",
      "status": "READY_FOR_RUNTIME_CAPTURE"
    },
    {
      "agent_count": 2,
      "blockers": [
        "node_cell_binding_missing:D38_N_A",
        "node_cell_binding_missing:D38_N_B",
        "node_cell_binding_missing:D38_N_END",
        "node_cell_binding_missing:D38_N_START"
      ],
      "dossier_id": "D38",
      "editable_families": [
        "road"
      ],
      "layer_count": 4,
      "linked_relation_count": 2,
      "scope": "campaign",
      "status": "BLOCKED_RUNTIME_BINDING"
    },
    {
      "agent_count": 2,
      "blockers": [],
      "dossier_id": "D39",
      "editable_families": [
        "road"
      ],
      "layer_count": 4,
      "linked_relation_count": 2,
      "scope": "campaign",
      "status": "READY_FOR_RUNTIME_CAPTURE"
    },
    {
      "agent_count": 5,
      "blockers": [],
      "dossier_id": "D40",
      "editable_families": [
        "border",
        "landmark",
        "road"
      ],
      "layer_count": 4,
      "linked_relation_count": 3,
      "scope": "campaign",
      "status": "READY_FOR_RUNTIME_CAPTURE"
    },
    {
      "agent_count": 1,
      "blockers": [],
      "dossier_id": "DEMO01",
      "editable_families": [
        "road"
      ],
      "layer_count": 1,
      "linked_relation_count": 0,
      "scope": "demo",
      "status": "READY_FOR_RUNTIME_CAPTURE"
    },
    {
      "agent_count": 2,
      "blockers": [],
      "dossier_id": "DEMO02",
      "editable_families": [
        "road"
      ],
      "layer_count": 1,
      "linked_relation_count": 0,
      "scope": "demo",
      "status": "READY_FOR_RUNTIME_CAPTURE"
    },
    {
      "agent_count": 1,
      "blockers": [],
      "dossier_id": "DEMO03",
      "editable_families": [
        "bridge"
      ],
      "layer_count": 1,
      "linked_relation_count": 0,
      "scope": "demo",
      "status": "READY_FOR_RUNTIME_CAPTURE"
    },
    {
      "agent_count": 2,
      "blockers": [],
      "dossier_id": "DEMO04",
      "editable_families": [
        "bridge",
        "road"
      ],
      "layer_count": 1,
      "linked_relation_count": 0,
      "scope": "demo",
      "status": "READY_FOR_RUNTIME_CAPTURE"
    },
    {
      "agent_count": 2,
      "blockers": [],
      "dossier_id": "DEMO05",
      "editable_families": [
        "border",
        "road"
      ],
      "layer_count": 1,
      "linked_relation_count": 0,
      "scope": "demo",
      "status": "READY_FOR_RUNTIME_CAPTURE"
    },
    {
      "agent_count": 0,
      "blockers": [],
      "dossier_id": "REMIX01",
      "editable_families": [],
      "layer_count": 0,
      "linked_relation_count": 0,
      "scope": "remix",
      "status": "READY_FOR_RUNTIME_CAPTURE"
    },
    {
      "agent_count": 0,
      "blockers": [],
      "dossier_id": "REMIX02",
      "editable_families": [],
      "layer_count": 0,
      "linked_relation_count": 0,
      "scope": "remix",
      "status": "READY_FOR_RUNTIME_CAPTURE"
    },
    {
      "agent_count": 0,
      "blockers": [],
      "dossier_id": "REMIX03",
      "editable_families": [],
      "layer_count": 0,
      "linked_relation_count": 0,
      "scope": "remix",
      "status": "READY_FOR_RUNTIME_CAPTURE"
    },
    {
      "agent_count": 0,
      "blockers": [],
      "dossier_id": "REMIX04",
      "editable_families": [],
      "layer_count": 0,
      "linked_relation_count": 0,
      "scope": "remix",
      "status": "READY_FOR_RUNTIME_CAPTURE"
    },
    {
      "agent_count": 0,
      "blockers": [],
      "dossier_id": "REMIX05",
      "editable_families": [],
      "layer_count": 0,
      "linked_relation_count": 0,
      "scope": "remix",
      "status": "READY_FOR_RUNTIME_CAPTURE"
    },
    {
      "agent_count": 0,
      "blockers": [],
      "dossier_id": "REMIX06",
      "editable_families": [],
      "layer_count": 0,
      "linked_relation_count": 0,
      "scope": "remix",
      "status": "READY_FOR_RUNTIME_CAPTURE"
    },
    {
      "agent_count": 0,
      "blockers": [],
      "dossier_id": "REMIX07",
      "editable_families": [],
      "layer_count": 0,
      "linked_relation_count": 0,
      "scope": "remix",
      "status": "READY_FOR_RUNTIME_CAPTURE"
    },
    {
      "agent_count": 0,
      "blockers": [],
      "dossier_id": "REMIX08",
      "editable_families": [],
      "layer_count": 0,
      "linked_relation_count": 0,
      "scope": "remix",
      "status": "READY_FOR_RUNTIME_CAPTURE"
    },
    {
      "agent_count": 0,
      "blockers": [],
      "dossier_id": "REMIX09",
      "editable_families": [],
      "layer_count": 0,
      "linked_relation_count": 0,
      "scope": "remix",
      "status": "READY_FOR_RUNTIME_CAPTURE"
    },
    {
      "agent_count": 0,
      "blockers": [],
      "dossier_id": "REMIX10",
      "editable_families": [],
      "layer_count": 0,
      "linked_relation_count": 0,
      "scope": "remix",
      "status": "READY_FOR_RUNTIME_CAPTURE"
    },
    {
      "agent_count": 0,
      "blockers": [],
      "dossier_id": "REMIX11",
      "editable_families": [],
      "layer_count": 0,
      "linked_relation_count": 0,
      "scope": "remix",
      "status": "READY_FOR_RUNTIME_CAPTURE"
    },
    {
      "agent_count": 0,
      "blockers": [],
      "dossier_id": "REMIX12",
      "editable_families": [],
      "layer_count": 0,
      "linked_relation_count": 0,
      "scope": "remix",
      "status": "READY_FOR_RUNTIME_CAPTURE"
    }
  ],
  "schema_version": 1
}
