== phase12c-stability-durability-suite ==
Godot Engine v4.7.1.stable.official.a13da4feb - https://godotengine.org

ERROR: Parse JSON failed. Error at line 0: Expected key
   at: parse_string (core/io/json.cpp:629)
   GDScript backtrace (most recent call first):
       [0] load_recover (res://src/application/durable_session_service.gd:50)
       [1] _initialize (res://tests/test_stability_durability_runner.gd:87)
ERROR: Two-cycle Stability verification must pass the known-valid transition fixture
   at: push_error (core/variant/variant_utility.cpp:1023)
   GDScript backtrace (most recent call first):
       [0] _assert (res://tests/test_stability_durability_runner.gd:181)
       [1] _initialize (res://tests/test_stability_durability_runner.gd:99)
ERROR: Successful Stability must atomically produce completion state
   at: push_error (core/variant/variant_utility.cpp:1023)
   GDScript backtrace (most recent call first):
       [0] _assert (res://tests/test_stability_durability_runner.gd:181)
       [1] _initialize (res://tests/test_stability_durability_runner.gd:105)
ERROR: Deterministic Stability replay must also pass
   at: push_error (core/variant/variant_utility.cpp:1023)
   GDScript backtrace (most recent call first):
       [0] _assert (res://tests/test_stability_durability_runner.gd:181)
       [1] _initialize (res://tests/test_stability_durability_runner.gd:108)
ERROR: Reloaded successful Stability must retain atomic completion state
   at: push_error (core/variant/variant_utility.cpp:1023)
   GDScript backtrace (most recent call first):
       [0] _assert (res://tests/test_stability_durability_runner.gd:181)
       [1] _initialize (res://tests/test_stability_durability_runner.gd:117)
ERROR: Parse JSON failed. Error at line 0: Expected key
   at: parse_string (core/io/json.cpp:629)
   GDScript backtrace (most recent call first):
       [0] load_recover (res://src/application/durable_session_service.gd:50)
       [1] _initialize (res://tests/test_stability_durability_runner.gd:120)
ERROR: Stability>1 must reject an identical idle verification window
   at: push_error (core/variant/variant_utility.cpp:1023)
   GDScript backtrace (most recent call first):
       [0] _assert (res://tests/test_stability_durability_runner.gd:181)
       [1] _initialize (res://tests/test_stability_durability_runner.gd:133)
FMD Phase 12C Stability/durability/idempotency tests: FAIL (5 failures)
