== godot-version ==
4.7.1.stable.official.a13da4feb
== ci-policy ==
CI policy preflight: PASS (1 manual workflow(s))
== bootstrap-preflight ==
FMD bootstrap preflight: PASS
fixture_sha256=d64daedbdb4d685fe85b345cf0d6780dc18d89c532a892dc7b4dce43a8e3b303
session_sha256=c7e3412436a0182737ff67470b015c4d057326ca9475abc565cbe53232536751
== phase12a-contract ==
Phase 12A contract audit: PASS (6 domain files checked)
== import-parse ==
Godot Engine v4.7.1.stable.official.a13da4feb - https://godotengine.org

[   0% ] [90m[1mfirst_scan_filesystem[22m | Started Project initialization (5 steps)[39m[0m
[   0% ] [90m[1mfirst_scan_filesystem[22m | Scanning file structure...[39m[0m
[  16% ] [90m[1mfirst_scan_filesystem[22m | Loading global class names...[39m[0m
[  33% ] [90m[1mfirst_scan_filesystem[22m | Verifying GDExtensions...[39m[0m
[  50% ] [90m[1mfirst_scan_filesystem[22m | Creating autoload scripts...[39m[0m
[  66% ] [90m[1mfirst_scan_filesystem[22m | Initializing plugins...[39m[0m
[  83% ] [90m[1mfirst_scan_filesystem[22m | Starting file scan...[39m[0m
[92m[ DONE ][39m [1mfirst_scan_filesystem[22m
[0m
[   0% ] [90m[1mupdate_scripts_classes[22m | Started Registering global classes... (15 steps)[39m[0m
[   0% ] [90m[1mupdate_scripts_classes[22m | [39m[0m
[   6% ] [90m[1mupdate_scripts_classes[22m | [39m[0m
[  12% ] [90m[1mupdate_scripts_classes[22m | [39m[0m
[  18% ] [90m[1mupdate_scripts_classes[22m | [39m[0m
[  25% ] [90m[1mupdate_scripts_classes[22m | [39m[0m
[  31% ] [90m[1mupdate_scripts_classes[22m | [39m[0m
[  37% ] [90m[1mupdate_scripts_classes[22m | [39m[0m
[  43% ] [90m[1mupdate_scripts_classes[22m | [39m[0m
[  50% ] [90m[1mupdate_scripts_classes[22m | [39m[0m
[  56% ] [90m[1mupdate_scripts_classes[22m | [39m[0m
[  62% ] [90m[1mupdate_scripts_classes[22m | [39m[0m
[  68% ] [90m[1mupdate_scripts_classes[22m | [39m[0m
[  75% ] [90m[1mupdate_scripts_classes[22m | [39m[0m
[  81% ] [90m[1mupdate_scripts_classes[22m | [39m[0m
[  87% ] [90m[1mupdate_scripts_classes[22m | [39m[0m
[92m[ DONE ][39m [1mupdate_scripts_classes[22m
[0m
[   0% ] [90m[1mloading_editor_layout[22m | Started Loading editor (5 steps)[39m[0m
[   0% ] [90m[1mloading_editor_layout[22m | Loading editor layout...[39m[0m
[  16% ] [90m[1mloading_editor_layout[22m | Loading docks...[39m[0m
[92m[ DONE ][39m [1mloading_editor_layout[22m
[0m
SCRIPT ERROR: Parse Error: The variable type is being inferred from a Variant value, so it will be typed as Variant. (Warning treated as error.)
          at: GDScript::reload (res://src/application/content_loader.gd:36)
SCRIPT ERROR: Compile Error: Failed to compile depended scripts.
          at: GDScript::reload (res://src/presentation/main.gd:0)
ERROR: Failed to load script "res://src/presentation/main.gd" with error "Parse error".
   at: load (modules/gdscript/gdscript_resource_format.cpp:46)
== gdscript-suite ==
Godot Engine v4.7.1.stable.official.a13da4feb - https://godotengine.org

SCRIPT ERROR: Parse Error: Cannot infer the type of "before" variable because the value doesn't have a set type.
          at: GDScript::reload (res://src/domain/micro_slice_engine.gd:202)
SCRIPT ERROR: Parse Error: The variable type is being inferred from a Variant value, so it will be typed as Variant. (Warning treated as error.)
          at: GDScript::reload (res://src/application/content_loader.gd:36)
SCRIPT ERROR: Compile Error: Failed to compile depended scripts.
          at: GDScript::reload (res://tests/test_runner.gd:0)
ERROR: Failed to load script "res://tests/test_runner.gd" with error "Compilation failed".
   at: load (modules/gdscript/gdscript_resource_format.cpp:46)
SCRIPT ERROR: Invalid call. Nonexistent function 'new' in base 'GDScript'.
          at: _test_content_validator (res://tests/test_runner.gd:59)
          GDScript backtrace (most recent call first):
              [0] _test_content_validator (res://tests/test_runner.gd:59)
              [1] _initialize (res://tests/test_runner.gd:21)
SCRIPT ERROR: Invalid call. Nonexistent function 'new' in base 'GDScript'.
          at: _test_micro_slice_road_and_direct_courier (res://tests/test_runner.gd:120)
          GDScript backtrace (most recent call first):
              [0] _test_micro_slice_road_and_direct_courier (res://tests/test_runner.gd:120)
              [1] _initialize (res://tests/test_runner.gd:25)
FMD tests: PASS (8 groups)
== main-scene-boot ==
Godot Engine v4.7.1.stable.official.a13da4feb - https://godotengine.org

SCRIPT ERROR: Parse Error: The variable type is being inferred from a Variant value, so it will be typed as Variant. (Warning treated as error.)
          at: GDScript::reload (res://src/application/content_loader.gd:36)
SCRIPT ERROR: Compile Error: Failed to compile depended scripts.
          at: GDScript::reload (res://src/presentation/main.gd:0)
ERROR: Failed to load script "res://src/presentation/main.gd" with error "Compilation failed".
   at: load (modules/gdscript/gdscript_resource_format.cpp:46)
SCRIPT ERROR: Invalid call. Nonexistent function 'new' in base 'GDScript'.
          at: _ready (res://src/presentation/main.gd:10)
          GDScript backtrace (most recent call first):
              [0] _ready (res://src/presentation/main.gd:10)
/home/runner/work/_temp/fmd-runtime-baseline/runtime/manifest.json
Phase 12A runtime baseline: PASS
