== phase12b-persistence-suite ==
Godot Engine v4.7.1.stable.official.a13da4feb - https://godotengine.org

ERROR: Parse JSON failed. Error at line 0: Unknown error getting token
   at: parse_string (core/io/json.cpp:629)
   GDScript backtrace (most recent call first):
       [0] _test_round_trip_and_corruption_rejection (res://tests/test_slice_persistence_runner.gd:82)
       [1] _initialize (res://tests/test_slice_persistence_runner.gd:11)
ERROR: Active dossier save must succeed through persistence boundary
   at: push_error (core/variant/variant_utility.cpp:1023)
   GDScript backtrace (most recent call first):
       [0] _initialize (res://tests/test_slice_persistence_runner.gd:18)
ERROR: Active dossier load must accept valid checksum/content identity
   at: push_error (core/variant/variant_utility.cpp:1023)
   GDScript backtrace (most recent call first):
       [0] _initialize (res://tests/test_slice_persistence_runner.gd:18)
ERROR: Reload must preserve save generation
   at: push_error (core/variant/variant_utility.cpp:1023)
   GDScript backtrace (most recent call first):
       [0] _initialize (res://tests/test_slice_persistence_runner.gd:18)
ERROR: Reload must restore byte-equivalent canonical gameplay hash
   at: push_error (core/variant/variant_utility.cpp:1023)
   GDScript backtrace (most recent call first):
       [0] _initialize (res://tests/test_slice_persistence_runner.gd:18)
ERROR: Reload must restore complete canonical session/history + interaction state
   at: push_error (core/variant/variant_utility.cpp:1023)
   GDScript backtrace (most recent call first):
       [0] _initialize (res://tests/test_slice_persistence_runner.gd:18)
ERROR: Reload must restore selected snapped candidate
   at: push_error (core/variant/variant_utility.cpp:1023)
   GDScript backtrace (most recent call first):
       [0] _initialize (res://tests/test_slice_persistence_runner.gd:18)
ERROR: Reload must preserve Undo availability
   at: push_error (core/variant/variant_utility.cpp:1023)
   GDScript backtrace (most recent call first):
       [0] _initialize (res://tests/test_slice_persistence_runner.gd:18)
ERROR: Reload must preserve Redo availability
   at: push_error (core/variant/variant_utility.cpp:1023)
   GDScript backtrace (most recent call first):
       [0] _initialize (res://tests/test_slice_persistence_runner.gd:18)
ERROR: Redo must remain valid after reload
   at: push_error (core/variant/variant_utility.cpp:1023)
   GDScript backtrace (most recent call first):
       [0] _initialize (res://tests/test_slice_persistence_runner.gd:18)
ERROR: Undo must remain valid after reloaded Redo
   at: push_error (core/variant/variant_utility.cpp:1023)
   GDScript backtrace (most recent call first):
       [0] _initialize (res://tests/test_slice_persistence_runner.gd:18)
ERROR: Redo then Undo after reload must return exact saved canonical hash
   at: push_error (core/variant/variant_utility.cpp:1023)
   GDScript backtrace (most recent call first):
       [0] _initialize (res://tests/test_slice_persistence_runner.gd:18)
ERROR: Test storage must expose saved active_session envelope
   at: push_error (core/variant/variant_utility.cpp:1023)
   GDScript backtrace (most recent call first):
       [0] _initialize (res://tests/test_slice_persistence_runner.gd:18)
ERROR: Saved active_session envelope must parse for corruption test
   at: push_error (core/variant/variant_utility.cpp:1023)
   GDScript backtrace (most recent call first):
       [0] _initialize (res://tests/test_slice_persistence_runner.gd:18)
ERROR: Content mismatch fixture save must succeed
   at: push_error (core/variant/variant_utility.cpp:1023)
   GDScript backtrace (most recent call first):
       [0] _initialize (res://tests/test_slice_persistence_runner.gd:18)
ERROR: Changed definition with stale content hash must be rejected before restore
   at: push_error (core/variant/variant_utility.cpp:1023)
   GDScript backtrace (most recent call first):
       [0] _initialize (res://tests/test_slice_persistence_runner.gd:18)
FMD Phase 12B persistence/loop tests: FAIL (15 failures)
