Phase 12G precondition audit: PASS (E1-E12 + T8-44 registry/harness/operator workflow ready; isolated empty-evidence anti-fabrication check preserved without rejecting legitimate live evidence)
Phase 12G instrumentation audit: PASS (E1/E2/E11 telemetry + T8-44 profile format; observer outcomes remain explicit)
Phase 12G session packet audit: PASS (E3-E7 + E9/E10 templates, E10 canonical A1-A10 families, 57x5 E7 matrix, zero fabricated outcomes)
Phase 12G operator workflow audit: PASS (blank-row rejection + append dedupe + exact-byte qualitative disposition + stale-review rejection + dashboard)
Phase 12G first-session batch audit: PASS (3 blank human packets + relocatable manifest paths + DEMO01 launch + no completed/evidence rows + readiness-only status)
Phase 12G mature-session batch audit: PASS (frozen selections + counterbalance + relocatable manifest paths + null human outcomes + no-evidence finalize guard)
Phase 12G human field-kit audit: PASS (source/build/role bound to exact packaged bytes + portable offline rehash + drift/substitution rejection; no human outcome inferred)
Phase 12G participant qualification binding audit: PASS (receipt-bound first-session naive declaration + E2 naive eligibility + mature rules-known declaration + E3 rule-knowledge guard; declarations do not prove human truth/timing)
Phase 12G acquisition channel binding audit: PASS (external human/E8/T8 rows cannot remove or relabel acquisition_channel to bypass qualification/build provenance; E7 unaffected; synthetic-only)
Phase 12G artifact readiness verification audit: PASS (dry-run append_ready requires actual record/packaged-byte verification; missing inputs stay not-ready; tamper/source/provenance conflicts reject; synthetic-only)
Phase 12G field-kit ingest audit: PASS — receipt/source/build validation stays dry-run-isolated; production append rejects noncanonical evidence destinations before mutation; transport tamper still fails closed
Phase 12G human return identity audit: PASS (exact finalized-return multi-row/cross-gate reuse accepted; conflicting receipt reuse and incomplete durable identity rejected)
Phase 12G human packet identity binding audit: PASS (receipt identity rechecked against immutable packet identity; completed-row tester/session and packet-kind/gate cross-binding enforced; no human outcome inferred)
Phase 12G field-kit return collision audit: PASS — isolated durable-identity fixtures prove exact retry compatibility, existing/proposed namespace collision rejection and zero evidence mutation without bypassing production append destination rules
Phase 12G E8 marketing-acquisition audit: PASS (immutable representative assets + exact source + no fabricated observations + package-byte-bound v3 acquisition/finalization + tamper rejection)
Phase 12G E8 ingest audit: PASS — finalized media/source/build validation remains dry-run-isolated; production append rejects noncanonical evidence destinations before mutation; source and packaged-build tamper still fail closed
Phase 12G E8 asset-version collision audit: PASS — one asset_version is bound to one exact finalized packet; multiple respondents from that packet remain valid and conflicting later packet reuse is rejected before append
Phase 12G E8 respondent identity binding audit: PASS (respondent slots frozen before observation; outcome fields remain editable; ID substitution/rewrite/reorder/duplicate/missing attacks rejected; receipt+ingest enforcement chained; synthetic non-evidence)
Phase 12G qualitative disposition audit: PASS (explicit review + exact evidence digest/row binding + raw-harness/dashboard stale rejection + deliberate replacement + threshold-gate guard)
Phase 12G T8-44 acquisition audit: PASS (actual checkout/source + raw-sample integrity + package bytes frozen before sample packet + sealed hardware identity/attestation capture binding + post-capture identity/attestation/dossier substitution rejection + post-session package substitution/wrong-role/unsealed rejection; audit data never touched repository evidence)
Phase 12G T8-44 representative-target audit: PASS (D38/D39 accepted; early-game/non-Stability/path-like IDs rejected at target validation; sealing fails closed before capture binding; representative target contract persists in sealed packet; no evidence appended)
