== godot-version ==
4.7.1.stable.official.a13da4feb
== ci-policy ==
CI policy preflight: PASS (1 manual workflow(s), 1 notification-safe automatic workflow(s))
== bootstrap-preflight ==
FMD bootstrap preflight: PASS
fixture_sha256=d64daedbdb4d685fe85b345cf0d6780dc18d89c532a892dc7b4dce43a8e3b303
session_sha256=c7e3412436a0182737ff67470b015c4d057326ca9475abc565cbe53232536751
== phase12a-contract ==
Phase 12A contract audit: PASS (16 domain files checked)
== phase12b-contract ==
Phase 12B contract audit: PASS
== phase12c-contract ==
Phase 12C contract audit: PASS (six primitives + A2-A7 agent interpretation)
== phase12c-late-contract ==
Phase 12C late contract audit: PASS (A8-A10 + linked authority DAG)
== phase12c-transaction-contract ==
Phase 12C transaction contract audit: PASS (A-I + A1-A10 + O1-O12 foundation)
== phase12c-stability-contract ==
Phase 12C Stability contract audit: PASS (P10-R3/P10-R8 + durability + idempotency)
== phase12c-procession-progress-contract ==
Phase 12C Procession progress audit: PASS (persistent A8 sequence + O8 + P10-R3 recovery)
== phase12c-footprint-causal-contract ==
Phase 12C footprint/causal audit: PASS (final footprint + canonical DAG + P10-R6 projection)
== phase12c-profile-demo-contract ==
Phase 12C profile/demo contract audit: PASS (T8-28/T8-31/T8-32 + recovery)
== phase12c-production-persistence-contract ==
Phase 12C production persistence audit: PASS (primary/tmp/bak + migration + corrupt-evidence preservation)
== phase12c-frozen-content-contract ==
PHASE12C FROZEN CONTENT FAIL: validator missing frozen marker: linked_authority_cycle
